A) catalog entry của các giọng đã test:
  'Adam Tốp Tốp'  : id='Adam Tốp Tốp' engine='v4' group='official' style=None podcast=True
  'Ngọc Lan'      : id='Ngọc Lan' engine='v3' group='official' style=None podcast=True
  'Ngọc Lan'      : id='Ngọc Lan' engine='v4' group='official' style=None podcast=True
  'Minh Đức'      : id='vieneu-2-000494' engine='v3' group='official' style='tin_tuc' podcast=True
  'Minh Đức'      : id='Minh Đức' engine='v4' group='official' style=None podcast=True
  'Mai Anh'       : id='vieneu-2-000053' engine='v3' group='official' style='tin_tuc' podcast=True
  'Mai Anh'       : id='Mai Anh' engine='v3' group='official' style='tin_tuc' podcast=True
  'Thái Sơn'      : id='vieneu-4-001058' engine='v3' group='official' style='doc_truyen' podcast=True
  'Thái Sơn'      : id='Thái Sơn' engine='v3' group='official' style='doc_truyen' podcast=True
  'Ngọc Linh'     : id='vieneu-4-001254' engine='v3' group='official' style='doc_truyen' podcast=True
  'Ngọc Linh'     : id='Ngọc Linh' engine='v3' group='official' style='doc_truyen' podcast=True
  'Mạnh Dũng'     : id='Mạnh Dũng' engine='v4' group='official' style=None podcast=True
  'Phạm Tuyên'    : id='Phạm Tuyên' engine='v4' group='official' style=None podcast=True
  'Phạm Tuyên'    : id='Phạm Tuyên' engine='v3' group='official' style='tu_nhien' podcast=True

B) demo từng giọng:
  'Mai Anh'      id='vieneu-2-000053'      engine='v3'   → HTTP 400 ❌
  'Minh Đức'     id='vieneu-2-000494'      engine='v3'   → HTTP 400 ❌
  'Thái Sơn'     id='vieneu-4-001058'      engine='v3'   → HTTP 400 ❌
  'Ngọc Linh'    id='vieneu-4-001254'      engine='v3'   → HTTP 400 ❌
  'Mạnh Dũng'    id='Mạnh Dũng'            engine='v4'   → HTTP 201 ✅
  'Phạm Tuyên'   id='Phạm Tuyên'           engine='v4'   → HTTP 201 ✅
  'Quang Sơn'    id='Quang Sơn'            engine='v3'   → HTTP 400 ❌
  'Thùy Dung'    id='Thùy Dung'            engine='v3'   → HTTP 201 ✅
  'Minh Triết'   id='Minh Triết'           engine='v3'   → HTTP 400 ❌
  'Ngọc Trân'    id='Ngọc Trân'            engine='v3'   → HTTP 400 ❌
  'Adam Tốp Tốp' id='Adam Tốp Tốp'         engine='v4'   → HTTP 201 ✅
  'Ngọc Lan'     id='Ngọc Lan'             engine='v3'   → HTTP 201 ✅

C) demo kèm engine param:
  'Mai Anh'      id='vieneu-2-000053'      engine='v2'   → HTTP 400 ❌
  'Thái Sơn'     id='vieneu-4-001058'      engine='v3'   → HTTP 400 ❌
  'Ngọc Linh'    id='vieneu-4-001254'      engine='v3'   → HTTP 400 ❌
  'Minh Triết'   id='Minh Triết'           engine='v1'   → HTTP 400 ❌

D) catalog engines: {'v3': 496, 'v4': 708}
   groups: {'official': 1203, 'alias': 1}

E) featured engine=v4: ['Adam Tốp Tốp', 'Duyên Hà My', 'Đăng Quân', 'Bình Bon', 'My Méo', 'Nam Nũng Nịu', 'Nhỏ Ngọt Ngào', 'Tưởng Vy', 'Mai Bé Phương', 'Anh Khôi']