======================================================================
A) vieneu.io — tìm API synthesis MỚI
======================================================================
  GET /: HTTP 200, len=5899
  JS bundles: ['/assets/index-D7fW1A4a.js']
    https://vieneu.io/assets/index-D7fW1A4a.js: HTTP 200, len=2626980
    API paths trong bundle: ['/api/app/download', '/api/newsletter/subscribe', '/api/payments/public-status', '/api/tickets', '/api/tts/demo', '/api/v1/clone', '/api/v1/emotion-tags', '/api/v1/engines', '/api/v1/upload']
    tts-refs: ['\ncurl https://api.vieneu.io/api/v1/tts/{jobId} \\\\\n  -H ', ' }  · also appears in GET /v1/voices (with your key)\n\n# Then generate with it li', ' },\n    body: JSON.stringify({ text, voiceId }),\n  }).then(r => r.json());\n\n  //', '&&nt.length===0?Ei({ttsText:Fe.ttsText,correctedText:Fe.correctedText,moderation', ') {\n  // 1. Submit job\n  const { jobId } = await fetch(\\`\\${BASE}/v1/tts\\`, {\n  ', ')))}}},gn=async()=>{if(!(!oe.jobId||!g)){ee(!0);try{const ce=await mn.fetchAudio', ')),Ei({ttsText:Je,correctedText:Je,moderationToken:void 0,skipAi:!0})):Re(oc(Fe)', ')).data??[]}catch{return[]}},getEmotionTags:async e=>(await ie.get(e?`/tts/emoti', '));return}a({ttsText:C,correctedText:A,moderationToken:E.moderationToken})}catch', '));return}if(Re(null),yn(!1),!ye){Ei({ttsText:Je,correctedText:Je,moderationToke', '),A=await fetch(`${uF}/tts/stream`,{method:', ');const f=p.downloadUrl||`/api/tts/audio/${h}`;return{success:!0,transcript:p.te', ');const g=f.downloadUrl||`/api/tts/audio/${p}`;return{success:!0,cues_count:u,to', ');const i=r.downloadUrl||`/api/tts/audio/${a}`,l=Array.from(new Set(e.turns.map(', ');return e},l8={tts:', ')=>{try{return(await ie.get(`/tts/voices/ranking?window=${e}`)).data.entries??[]', ')return`curl -X POST https://api.vieneu.io/api/v1/tts \\\\\n  -H ', '){rs.current(),Ln.current(),g(),wt(xn=>new Set([...xn,Fe.jobId])),setTimeout(()=', ')})]})]})]})]}),t.jsx(Nz,{run:A,setActiveTab:w,onFinish:U,enabledTabs:_.filter(t', ',F=C?`${za}/admin/vieneu-servers/${C}`:`${za}/admin/vieneu-servers`,fe={name:E.n']

======================================================================
B) eagle0019 + Tuananh20015 — vì sao CPU space lỗi null?
======================================================================
  [eagle0019/VieNeu-TTS-v3-Turbo] gradio version=5.49.1
    dep[1] api_name=synthesize triggers=None inputs=[7, 10, 14, 19, 23, 20, 24, 27, 28] outputs=[34, 35] backend_fn=True js=None
    dep[2] api_name=stream_synthesize triggers=None inputs=[7, 10, 14, 19, 23, 20, 24, 27, 28] outputs=[38] backend_fn=True js=None
    /synthesize: 9 params
      - text: str default='Xin chào mọi người! [hắng giọng] Như bạn đang nghe thấy đấy, tốc độ xử lý của mình cực kỳ nhanh và mượt mà, giúp phản hồi gần như ngay lập tức theo thời gian thực. Chính vì vậy, mình rất phù hợp để ứng dụng trực tiếp vào các hệ thống Chatbot thông minh, trợ lý ảo, hoặc làm tổng đài viên tự động cho các doanh nghiệp. Tiện lợi quá đúng không ạ? [cười] Hi vọng phiên bản nâng cấp v3 này sẽ mang lại trải nghiệm tuyệt vời cho dự án của bạn.' desc=None
      - voice: Literal['Ngọc Lan', 'Gia Bảo', 'Thái Sơn', 'Đức Trí', 'Mỹ Duyên', 'Trúc Ly', 'Xuân Vĩnh', 'Trọng Hữu', 'Bình An', 'Ngọc Linh'] default='Ngọc Linh' desc=None
      - ref_audio: filepath default=None desc=None
      - temperature: float default=0.8 desc=None
      - top_k: float default=25 desc=None
      - top_p: float default=0.95 desc=None
      - repetition_penalty: float default=1.2 desc=None
      - max_new_frames: float default=300 desc=None
      - max_chars: float default=256 desc=None
    POST 2-param: HTTP 200 — b'{"event_id":"33c33f31709d47baa87fa382e186b759"}'
    SSE: HTTP 200 — 'event: error\ndata: null\n\n'
  [Tuananh20015/VieNeu-TTS-v3-Turbo] gradio version=5.49.1
    dep[1] api_name=synthesize triggers=None inputs=[7, 10, 14, 19, 23, 20, 24, 27, 28] outputs=[34, 35] backend_fn=True js=None
    dep[2] api_name=stream_synthesize triggers=None inputs=[7, 10, 14, 19, 23, 20, 24, 27, 28] outputs=[38] backend_fn=True js=None
    /synthesize: 9 params
      - text: str default='Xin chào mọi người! [hắng giọng] Như bạn đang nghe thấy đấy, tốc độ xử lý của mình cực kỳ nhanh và mượt mà, giúp phản hồi gần như ngay lập tức theo thời gian thực. Chính vì vậy, mình rất phù hợp để ứng dụng trực tiếp vào các hệ thống Chatbot thông minh, trợ lý ảo, hoặc làm tổng đài viên tự động cho các doanh nghiệp. Tiện lợi quá đúng không ạ? [cười] Hi vọng phiên bản nâng cấp v3 này sẽ mang lại trải nghiệm tuyệt vời cho dự án của bạn.' desc=None
      - voice: Literal['Ngọc Lan', 'Gia Bảo', 'Thái Sơn', 'Đức Trí', 'Mỹ Duyên', 'Trúc Ly', 'Xuân Vĩnh', 'Trọng Hữu', 'Bình An', 'Ngọc Linh'] default='Ngọc Linh' desc=None
      - ref_audio: filepath default=None desc=None
      - temperature: float default=0.8 desc=None
      - top_k: float default=25 desc=None
      - top_p: float default=0.95 desc=None
      - repetition_penalty: float default=1.2 desc=None
      - max_new_frames: float default=300 desc=None
      - max_chars: float default=256 desc=None
    POST 2-param: HTTP 200 — b'{"event_id":"2553a906234342e0be6df9e219490da8"}'
    SSE: HTTP 200 — 'event: error\ndata: null\n\n'

======================================================================
C) hongqminh — endpoint đúng synthesize_speech
======================================================================
  /update_count: 1 params: ['text']
    - text: type=str default='Sự bùng nổ của trí tuệ nhân tạo đang định hình lại cách chúng ta làm việc và sinh sống. Từ xe tự lái đến trợ lý ảo thông minh, công nghệ đang dần xóa nhòa ranh giới giữa thực tại và những bộ phim viễn tưởng.'
  /update_ref_preview: 1 params: ['voice']
    - voice: type=Literal['Tuyên (nam miền Bắc)', 'Vĩnh (nam miền Nam)', 'Bình (nam miền Bắc)', 'Đoan (nữ miền Nam)', 'Ngọc (nữ miền Bắc)', 'Ly (nữ miền Bắc)'] default='Tuyên (nam miền Bắc)'
  /update_ref_preview_1: 1 params: ['voice']
    - voice: type=Literal['Tuyên (nam miền Bắc)', 'Vĩnh (nam miền Nam)', 'Bình (nam miền Bắc)', 'Đoan (nữ miền Nam)', 'Ngọc (nữ miền Bắc)', 'Ly (nữ miền Bắc)'] default='Tuyên (nam miền Bắc)'
  /set_preset_mode: 0 params: []
  /set_custom_mode: 0 params: []
  /synthesize_speech: 4 params: ['text', 'voice_choice', 'custom_audio', 'custom_text']
    - text: type=str default='Sự bùng nổ của trí tuệ nhân tạo đang định hình lại cách chúng ta làm việc và sinh sống. Từ xe tự lái đến trợ lý ảo thông minh, công nghệ đang dần xóa nhòa ranh giới giữa thực tại và những bộ phim viễn tưởng.'
    - voice_choice: type=Literal['Tuyên (nam miền Bắc)', 'Vĩnh (nam miền Nam)', 'Bình (nam miền Bắc)', 'Đoan (nữ miền Nam)', 'Ngọc (nữ miền Bắc)', 'Ly (nữ miền Bắc)'] default='Tuyên (nam miền Bắc)'
    - custom_audio: type=filepath default=None
    - custom_text: type=str default=None
  POST synthesize_speech (5p): HTTP 200 — b'{"event_id":"eb09b9a0548f4e86af2d4373f0836d62"}'
  SSE: HTTP 200 — 'event: complete\ndata: [{"path": "/tmp/gradio/4c3e0e963893b56c30e66223e3db4758ce48fe6f2de851e067351b0c7f5070bc/tmpq4kycldw.wav", "url": "https://hongqminh-vieneu-tts.hf.space/gradio_api/file=/tmp/gradio/4c3e0e963893b56c30e66223e3db4758ce48fe6f2de851e0'

======================================================================
D) Smrfhdl — access_status nói gì?
======================================================================
  POST access_status: HTTP 200 — b'{"event_id":"57de157fc3524f82bbcfd9fa77502e0d"}'
  SSE: HTTP 200 — 'event: complete\ndata: ["<div style=\'font-size:15.5px;padding:12px 16px;border-radius:12px;border:1px solid #f59e0b;background:rgba(245,158,11,.10)\'>\\ud83d\\udd12 <b>Trang n\\u00e0y ch\\u1ec9 d\\u00e0nh cho m\\u1ed9t s\\u1ed1 ng\\u01b0\\u1eddi.</b> H\\u00e3y b\\u1ea5m <b>\\u0110\\u0103ng nh\\u1eadp v\\u1edbi Huggi'
  /synthesize: 4 params
    - text: default=None
    - voice_id: default='Minh Đức'
    - mode: default='gpu'
    - quota: default=None