======================================================================
PHẦN 1 — HF API: runtime status từng space
======================================================================
  pnnbao-ump/VieNeu-TTS-v3-Turbo                stage=RUNNING      hw=zero-a10g  sdk=gradio likes=38
  trangmin11101996/VieNeu-TTS-v3-Turbo          stage=RUNNING      hw=zero-a10g  sdk=gradio likes=1
  eagle0019/VieNeu-TTS-v3-Turbo                 stage=RUNNING      hw=cpu-basic  sdk=gradio likes=0
  xtieps/VieNeu-TTS-v3-Turbo                    stage=RUNNING      hw=zero-a10g  sdk=gradio likes=0
  thienan2146/VieNeu-TTS-v3-Turbo               stage=RUNNING      hw=zero-a10g  sdk=gradio likes=0
  Smrfhdl/tts                                   stage=RUNNING      hw=zero-a10g  sdk=gradio likes=0
  doremon102/VieNeu-TTS-v3-Turbo                stage=RUNNING      hw=zero-a10g  sdk=gradio likes=0
  kabinz/VieNeu-TTS-v3-Turbo                    stage=RUNNING      hw=zero-a10g  sdk=gradio likes=0
  Tuananh20015/VieNeu-TTS-v3-Turbo              stage=RUNNING      hw=cpu-basic  sdk=gradio likes=0
  hongqminh/VieNeu-TTS                          stage=RUNNING      hw=cpu-basic  sdk=gradio likes=0
  DevTam05/vieneu-tts                           stage=RUNNING      hw=cpu-basic  sdk=docker likes=0

======================================================================
PHẦN 2 — vieneu.io (dịch vụ #1)
======================================================================
  featured API: HTTP 200, len=4519
  voices count: 10
  first: {"id": "Adam Tốp Tốp", "name": "Adam Tốp Tốp", "description": "Nam · Nam · Cảm xúc, Không nghiêm túc, Tốp Tốp, Tấu hề", "gender": "male", "region": "south", "traits": ["Cảm xúc", "Không nghiêm túc", "
  POST /api/tts/demo: HTTP 404, len=124
  body[:400]=b'{"statusCode":404,"message":"Cannot GET /api/tts/demo","error":"Not Found","traceId":"041aaa27-dd16-465f-92ed-8bac710cbf26"}'

======================================================================
PHẦN 3 — Gradio spaces: tổng hợp thật 1 câu ngắn
======================================================================
  [pnnbao-ump/VieNeu-TTS-v3-Turbo] /config OK — endpoints: [(0, '_check_ref_len'), (1, 'synthesize'), (2, 'load_example')]
  [pnnbao-ump/VieNeu-TTS-v3-Turbo] SSE HTTP 200 — 0.7s — 25 bytes
      event: error
      data: null
  [trangmin11101996/VieNeu-TTS-v3-Turbo] /config OK — endpoints: [(0, '_check_ref_len'), (1, 'synthesize'), (2, 'load_example')]
  [trangmin11101996/VieNeu-TTS-v3-Turbo] SSE HTTP 200 — 0.7s — 25 bytes
      event: error
      data: null
  [eagle0019/VieNeu-TTS-v3-Turbo] /config OK — endpoints: [(0, '_check_ref_len'), (1, 'synthesize'), (2, 'stream_synthesize'), (3, 'unnamed'), (4, 'unnamed_1'), (5, 'load_example'), (6, 'synthesize_conversation')]
  [eagle0019/VieNeu-TTS-v3-Turbo] SSE HTTP 200 — 0.7s — 25 bytes
      event: error
      data: null
  [xtieps/VieNeu-TTS-v3-Turbo] /config OK — endpoints: [(0, '_check_ref_len'), (1, 'synthesize'), (2, 'load_example')]
  [xtieps/VieNeu-TTS-v3-Turbo] SSE HTTP 200 — 0.7s — 25 bytes
      event: error
      data: null
  [thienan2146/VieNeu-TTS-v3-Turbo] /config OK — endpoints: [(0, '_check_ref_len'), (1, 'synthesize'), (2, 'load_example')]
  [thienan2146/VieNeu-TTS-v3-Turbo] SSE HTTP 200 — 0.7s — 25 bytes
      event: error
      data: null
  [Smrfhdl/tts] /config OK — endpoints: [(0, 'js_fn'), (1, 'lambda'), (2, 'access_status'), (3, 'extract_text'), (4, 'estimate'), (5, 'lambda_1'), (6, 'preview'), (7, 'synthesize'), (8, '_check_login_status')]
  [Smrfhdl/tts] SSE HTTP 200 — 0.7s — 25 bytes
      event: error
      data: null
  [doremon102/VieNeu-TTS-v3-Turbo] /config OK — endpoints: [(0, '_check_ref_len'), (1, 'synthesize'), (2, 'load_example')]
  [doremon102/VieNeu-TTS-v3-Turbo] SSE HTTP 200 — 0.6s — 25 bytes
      event: error
      data: null
  [kabinz/VieNeu-TTS-v3-Turbo] /config OK — endpoints: [(0, '_check_ref_len'), (1, 'synthesize'), (2, 'load_example')]
  [kabinz/VieNeu-TTS-v3-Turbo] SSE HTTP 200 — 0.7s — 25 bytes
      event: error
      data: null
  [Tuananh20015/VieNeu-TTS-v3-Turbo] /config OK — endpoints: [(0, '_check_ref_len'), (1, 'synthesize'), (2, 'stream_synthesize'), (3, 'unnamed'), (4, 'unnamed_1'), (5, 'load_example'), (6, 'synthesize_conversation')]
  [Tuananh20015/VieNeu-TTS-v3-Turbo] SSE HTTP 200 — 0.6s — 25 bytes
      event: error
      data: null
  [hongqminh/VieNeu-TTS] /config OK — endpoints: [(0, 'load_example'), (1, 'load_example_1'), (2, 'update_count'), (3, 'update_ref_preview'), (4, 'update_ref_preview_1'), (5, 'set_preset_mode'), (6, 'set_custom_mode'), (7, 'synthesize_speech')]
  [hongqminh/VieNeu-TTS] POST call HTTP 500 — b'Traceback (most recent call last):\n  File "/usr/local/lib/python3.13/site-packages/starlette/middleware/errors.py", line 164, in __call__\n    await self.app(scope, receive, _send)\n  File "/usr/local/l'
  [DevTam05/vieneu-tts] /config OK — endpoints: [(0, 'synthesize')]
  [DevTam05/vieneu-tts] SSE HTTP 200 — 2.4s — 424 bytes
      event: complete
      data: [{"path": "/tmp/gradio/cae329f122220fed63f6ad05a9e5a463e784b73a2dbf3cba10f97176decfa421/095dc5260fea9888.mp3", "url": "https://devtam05-vieneu-tts.hf.spac