A) vieneu.io (api.vieneu.io) — voiceId tự do?
  voiceId='Adam Tốp Tốp'               HTTP 201 — audioBase64 154940 chars ✅
  voiceId='Ngọc Lan'                   HTTP 201 — audioBase64 179260 chars ✅
  voiceId='Thái Sơn'                   HTTP 400 — b'{"statusCode":400,"message":"Voice \\"Th\xc3\xa1i S\xc6\xa1n\\" is not available","error":"Bad Request","traceId":"7549ce8ef73d710d77ad792e5253d710"}'
  voiceId='Ngọc Linh'                  HTTP 400 — b'{"statusCode":400,"message":"Voice \\"Ng\xe1\xbb\x8dc Linh\\" is not available","error":"Bad Request","traceId":"d9b1b4e232801cdcdf349583a914465c"}'
  voiceId='Mai Anh'                    HTTP 400 — b'{"statusCode":400,"message":"Voice \\"Mai Anh\\" is not available","error":"Bad Request","traceId":"70456c6429551edb06d85494ee303b3c"}'
  voiceId='Giọng Không Tồn Tại 123'    HTTP 400 — b'{"statusCode":400,"message":"Voice \\"Gi\xe1\xbb\x8dng Kh\xc3\xb4ng T\xe1\xbb\x93n T\xe1\xba\xa1i 123\\" is not available","error":"Bad Request","traceId":"120d0a5aace7fd01f89bdc199db36119"}'

A2) list voices đầy đủ?
  GET /api/tts/voices?engine=v4: HTTP 200 len=554329 — b'{"voices":[{"id":"vieneu-2-000494","name":"Minh \xc4\x90\xe1\xbb\xa9c","description":"Nam \xc2\xb7 B\xe1\xba\xafc \xc2\xb7 Phong c\xc3\xa1ch tin t\xe1\xbb\xa9c","gender":"male","region":"north","traits":[],"sampleText":"Ngh\xc4\xa9 v\xe1\xbb\x81 '
  GET /api/tts/voices: HTTP 200 len=554329 — b'{"voices":[{"id":"vieneu-2-000494","name":"Minh \xc4\x90\xe1\xbb\xa9c","description":"Nam \xc2\xb7 B\xe1\xba\xafc \xc2\xb7 Phong c\xc3\xa1ch tin t\xe1\xbb\xa9c","gender":"male","region":"north","traits":[],"sampleText":"Ngh\xc4\xa9 v\xe1\xbb\x81 '
  GET /api/tts/voices/ranking?window=7d: HTTP 200 len=1038 — b'{"window":"7d","entries":[{"voiceId":"Minh Qu\xc3\xa2n","rank":1,"share":1},{"voiceId":"Adam vui","rank":2,"share":0.37},{"voiceId":"Nh\xe1\xba\xadt Phong","rank":3,"share":0.36},{"voiceId":"Adam'

B) hongqminh ma trận:
  5p voice='Ngọc (nữ miền Bắc)'         1.3s error → "404: Not Found"
  5p voice='Tuyên (nam miền Bắc)'       1.2s error → "404: Not Found"
  5p voice='Ly (nữ miền Bắc)'           1.3s error → "404: Not Found"
  4p voice='Ngọc (nữ miền Bắc)'         1.3s error → "404: Not Found"
  4p voice='Tuyên (nam miền Bắc)'       1.4s error → "404: Not Found"
  4p voice='Ly (nữ miền Bắc)'           1.3s error → "404: Not Found"

C) DevTam05 — Hoài My (Nữ):
  Hoài My: HTTP -1 — 'OK ✅'